
> frontend@0.1.0 build
> next build

Γû▓ Next.js 16.1.6 (Turbopack)
- Environments: .env.local

  Creating an optimized production build ...
node.exe : 
At C:\Program Files\nodejs\npm.ps1:29 
char:3
+   & $NODE_EXE $NPM_CLI_JS $args
+   ~~~~~~~~~~~~~~~~~~~~~~~~~~~~~
    + CategoryInfo          : NotSpecif 
   ied: (:String) [], RemoteException
    + FullyQualifiedErrorId : NativeCom 
   mandError
 
> Build error occurred
Error: Turbopack build failed with 2 
errors:
./src/lib/utils.ts:1:1
Module not found: Can't resolve 'clsx'
[0m[31m[1m>[22m[39m[90m 1 |[39m 
[36mimport[39m { type 
[33mClassValue[39m[33m,[39m clsx } 
[36mfrom[39m 
[32m"clsx"[39m[33m;[39m
 [90m   |[39m [31m[1m^[22m[39m[31
m[1m^[22m[39m[31m[1m^[22m[39m[31
m[1m^[22m[39m[31m[1m^[22m[39m[31
m[1m^[22m[39m[31m[1m^[22m[39m[31
m[1m^[22m[39m[31m[1m^[22m[39m[31
m[1m^[22m[39m[31m[1m^[22m[39m[31
m[1m^[22m[39m[31m[1m^[22m[39m[31
m[1m^[22m[39m[31m[1m^[22m[39m[31
m[1m^[22m[39m[31m[1m^[22m[39m[31
m[1m^[22m[39m[31m[1m^[22m[39m[31
m[1m^[22m[39m[31m[1m^[22m[39m[31
m[1m^[22m[39m[31m[1m^[22m[39m[31
m[1m^[22m[39m[31m[1m^[22m[39m[31
m[1m^[22m[39m[31m[1m^[22m[39m[31
m[1m^[22m[39m[31m[1m^[22m[39m[31
m[1m^[22m[39m[31m[1m^[22m[39m[31
m[1m^[22m[39m[31m[1m^[22m[39m[31
m[1m^[22m[39m[31m[1m^[22m[39m[31
m[1m^[22m[39m[31m[1m^[22m[39m[31
m[1m^[22m[39m[31m[1m^[22m[39m[31
m[1m^[22m[39m[31m[1m^[22m[39m[31
m[1m^[22m[39m[31m[1m^[22m[39m[31
m[1m^[22m[39m[31m[1m^[22m[39m
 [90m 2 |[39m [36mimport[39m { 
twMerge } [36mfrom[39m 
[32m"tailwind-merge"[39m[33m;[39m
 [90m 3 |[39m
 [90m 4 |[39m [36mexport[39m 
[36mfunction[39m 
cn([33m...[39minputs[33m:[39m 
[33mClassValue[39m[]) {[0m



Import traces:
  Client Component Browser:
    ./src/lib/utils.ts [Client 
Component Browser]
    ./src/components/home/CategoryFilter
.tsx [Client Component Browser]
    ./src/app/page.tsx [Client 
Component Browser]
    ./src/app/page.tsx [Server 
Component]

  Client Component SSR:
    ./src/lib/utils.ts [Client 
Component SSR]
    ./src/components/home/CategoryFilter
.tsx [Client Component SSR]
    ./src/app/page.tsx [Client 
Component SSR]
    ./src/app/page.tsx [Server 
Component]

https://nextjs.org/docs/messages/module-
not-found


./src/lib/utils.ts:2:1
Module not found: Can't resolve 
'tailwind-merge'
[0m [90m 1 |[39m [36mimport[39m { 
type [33mClassValue[39m[33m,[39m 
clsx } [36mfrom[39m 
[32m"clsx"[39m[33m;[39m
[31m[1m>[22m[39m[90m 2 |[39m 
[36mimport[39m { twMerge } 
[36mfrom[39m 
[32m"tailwind-merge"[39m[33m;[39m
 [90m   |[39m [31m[1m^[22m[39m[31
m[1m^[22m[39m[31m[1m^[22m[39m[31
m[1m^[22m[39m[31m[1m^[22m[39m[31
m[1m^[22m[39m[31m[1m^[22m[39m[31
m[1m^[22m[39m[31m[1m^[22m[39m[31
m[1m^[22m[39m[31m[1m^[22m[39m[31
m[1m^[22m[39m[31m[1m^[22m[39m[31
m[1m^[22m[39m[31m[1m^[22m[39m[31
m[1m^[22m[39m[31m[1m^[22m[39m[31
m[1m^[22m[39m[31m[1m^[22m[39m[31
m[1m^[22m[39m[31m[1m^[22m[39m[31
m[1m^[22m[39m[31m[1m^[22m[39m[31
m[1m^[22m[39m[31m[1m^[22m[39m[31
m[1m^[22m[39m[31m[1m^[22m[39m[31
m[1m^[22m[39m[31m[1m^[22m[39m[31
m[1m^[22m[39m[31m[1m^[22m[39m[31
m[1m^[22m[39m[31m[1m^[22m[39m[31
m[1m^[22m[39m[31m[1m^[22m[39m[31
m[1m^[22m[39m[31m[1m^[22m[39m[31
m[1m^[22m[39m[31m[1m^[22m[39m[31
m[1m^[22m[39m[31m[1m^[22m[39m
 [90m 3 |[39m
 [90m 4 |[39m [36mexport[39m 
[36mfunction[39m 
cn([33m...[39minputs[33m:[39m 
[33mClassValue[39m[]) {
 [90m 5 |[39m     [36mreturn[39m 
twMerge(clsx(inputs))[33m;[39m[0m



Import traces:
  Client Component Browser:
    ./src/lib/utils.ts [Client 
Component Browser]
    ./src/components/home/CategoryFilter
.tsx [Client Component Browser]
    ./src/app/page.tsx [Client 
Component Browser]
    ./src/app/page.tsx [Server 
Component]

  Client Component SSR:
    ./src/lib/utils.ts [Client 
Component SSR]
    ./src/components/home/CategoryFilter
.tsx [Client Component SSR]
    ./src/app/page.tsx [Client 
Component SSR]
    ./src/app/page.tsx [Server 
Component]

https://nextjs.org/docs/messages/module-
not-found


    at <unknown> 
(./src/lib/utils.ts:1:1)
    at <unknown> (https://nextjs.org/doc
s/messages/module-not-found)
    at <unknown> 
(./src/lib/utils.ts:2:1)
    at <unknown> (https://nextjs.org/doc
s/messages/module-not-found)
